// Jest Snapshot v1, https://goo.gl/fbAQLP

exports[`<RadioControl /> shallow 1`] = `
<FormControl
  component="input"
  name="radioControlField"
  type="radio"
/>
`;
