// Jest Snapshot v1, https://goo.gl/fbAQLP

exports[`<MenuItem /> matches snapshot when shallowly rendered 1`] = `
<li
  className="menu__item"
/>
`;
