// Jest Snapshot v1, https://goo.gl/fbAQLP

exports[`<Tooltip /> matches snapshot when shallowly rendered 1`] = `
<TooltipTrigger
  closeOnOutOfBoundaries={true}
  defaultTooltipShown={false}
  delayHide={0}
  delayShow={0}
  followCursor={false}
  mutationObserverOptions={
    Object {
      "childList": true,
      "subtree": true,
    }
  }
  onVisibilityChange={[Function]}
  placement="bottom"
  portalContainer={<body />}
  tooltip={[Function]}
  trigger="hover"
  usePortal={true}
>
  <Component />
</TooltipTrigger>
`;
