// Jest Snapshot v1, https://goo.gl/fbAQLP

exports[`<TextInputControl /> shallow 1`] = `
<FormControl
  className=""
  component="input"
  onBlur={[Function]}
  onFocus={[Function]}
  type="text"
/>
`;
