// Jest Snapshot v1, https://goo.gl/fbAQLP

exports[`<Checkbox /> matches snapshot when shallowly rendered 1`] = `
<forwardRef(FormField)
  control={[Function]}
  kind="checkbox"
/>
`;
