// Jest Snapshot v1, https://goo.gl/fbAQLP

exports[`<Menu /> matches snapshot when shallowly rendered 1`] = `
<ul
  className="menu"
/>
`;
