// Jest Snapshot v1, https://goo.gl/fbAQLP

exports[`<Text /> shallow 1`] = `
<forwardRef(Box)
  as="p"
  className=""
/>
`;
