// Jest Snapshot v1, https://goo.gl/fbAQLP

exports[`<Radio /> matches snapshot when shallowly rendered 1`] = `
<forwardRef(FormField)
  control={[Function]}
  kind="radio"
/>
`;
