// Jest Snapshot v1, https://goo.gl/fbAQLP

exports[`<NotificationStack /> matches snapshot when shallowly rendered 1`] = `
<Portal
  container={<body />}
>
  <TransitionGroup
    childFactory={[Function]}
    className="notification-stack"
    component="div"
  />
</Portal>
`;
