// Jest Snapshot v1, https://goo.gl/fbAQLP

exports[`<Card /> matches snapshot when shallowly rendered 1`] = `
<forwardRef(Box)
  className=""
/>
`;
