// Jest Snapshot v1, https://goo.gl/fbAQLP

exports[`<FormField /> shallow 1`] = `
<FormGroup
  className=""
  hasError={false}
  hasLabel={false}
  hasWarning={false}
>
  <DummyInputText
    id="testFormField-0"
    name="testFormField"
  />
</FormGroup>
`;
