// Jest Snapshot v1, https://goo.gl/fbAQLP

exports[`<Label /> matches snapshot when shallowly rendered 1`] = `
<label
  className="control-label"
/>
`;
