// Jest Snapshot v1, https://goo.gl/fbAQLP

exports[`<Tooltip /> matches snapshot when shallowly rendered 1`] = `
<TooltipTrigger
  defaultTooltipShown={false}
  onVisibilityChange={[Function]}
  placement="bottom"
  tooltip={[Function]}
  trigger="hover"
>
  <Component />
</TooltipTrigger>
`;
