// Jest Snapshot v1, https://goo.gl/fbAQLP

exports[`<InlineText /> shallow 1`] = `
<forwardRef(Text)
  as="span"
/>
`;
