// Jest Snapshot v1, https://goo.gl/fbAQLP

exports[`<Box /> shallow 1`] = `
<div
  className=""
/>
`;
