// Jest Snapshot v1, https://goo.gl/fbAQLP

exports[`<Link /> shallow 1`] = `
<forwardRef(Box)
  as="a"
  className=""
  href="#"
  onKeyDown={[Function]}
>
  Link
</forwardRef(Box)>
`;
