// Jest Snapshot v1, https://goo.gl/fbAQLP

exports[`<Tab /> matches snapshot when shallowly rendered 1`] = `
<span
  className="tab-link"
>
  <forwardRef(Box)
    as="span"
    className="tab-link__label"
  >
    tab label
  </forwardRef(Box)>
</span>
`;
