// Jest Snapshot v1, https://goo.gl/fbAQLP

exports[`<StaticModal /> matches snapshot when shallowly rendered 1`] = `
<PortalWithBackdrop
  onBackdropClick={[Function]}
>
  <forwardRef(Box)
    className="modal"
    onClick={[Function]}
    title="Modal title"
  >
    <ForwardRef
      className="modal__close"
      kind="blank"
      onClick={[Function]}
    >
      <Icon
        type="cancel"
      />
    </ForwardRef>
    <div>
      Some content
    </div>
  </forwardRef(Box)>
</PortalWithBackdrop>
`;
