// Jest Snapshot v1, https://goo.gl/fbAQLP

exports[`<SlideModalHeader /> matches snapshot when shallowly rendered 1`] = `
<forwardRef(Grid)
  alignItems="end"
  className="slide-modal__header"
  flexWrap={true}
  justifyContent="between"
>
  <forwardRef(Text)
    className="slide-modal__title"
  >
    Modal heading
  </forwardRef(Text)>
</forwardRef(Grid)>
`;
