// Jest Snapshot v1, https://goo.gl/fbAQLP

exports[`<SlideModalContent /> matches snapshot when shallowly rendered 1`] = `
<forwardRef(Box)
  className="slide-modal__content"
/>
`;
